// Jest Snapshot v1, https://goo.gl/fbAQLP

exports[`App renders app component correctly 1`] = `
<DocumentFragment>
  <div
    class="app-container"
  >
    <h1>
      Five Day Weather Forecast
    </h1>
    <h2>
      , 
    </h2>
    <div
      class="search-form"
    >
      <input
        data-testid="search-form-input"
        placeholder="Enter Location"
        type="text"
        value=""
      />
      <button
        type="submit"
      >
        Search
      </button>
    </div>
    <div
      class="forecast-summaries"
    />
  </div>
</DocumentFragment>
`;
